// Jest Snapshot v1, https://goo.gl/fbAQLP

exports[`should render correctly 1`] = `
<div
  className="wrapper"
>
  <div
    className="header mt-2"
  >
    <a
      aria-current={null}
      className="text-decoration-none text-white"
      href="/tasks"
      onClick={[Function]}
    >
      <i
        className="fas fa-chart-pie"
      />
       
      Task Manager
       
      0
      <hr />
      <div
        className="chart"
      >
        <canvas
          data-testid="canvas"
          height={150}
          onClick={[Function]}
          role="img"
          width={300}
        />
      </div>
    </a>
  </div>
  <i
    className="text-center text-white mt-3"
  >
    Recent Tasks
  </i>
  <div
    className="row m-0 p-0"
  />
  <div
    className="row m-0 p-0"
  >
    <div
      className="col-6 sides"
    >
      <a
        aria-current={null}
        className="text-decoration-none text-white"
        href="/completedtasks"
        onClick={[Function]}
      >
        <i
          className="fas fa-list-alt"
        />
         
        Completed Tasks
         
        0
      </a>
    </div>
    <div
      className="col-6 sides"
    >
      <a
        aria-current={null}
        className="text-decoration-none text-white"
        href="/incompletetasks"
        onClick={[Function]}
      >
        <i
          className="far fa-list-alt"
        />
         
        Pending Tasks
         
        0
      </a>
    </div>
  </div>
</div>
`;
