// Jest Snapshot v1, https://goo.gl/fbAQLP

exports[`should render correctly 1`] = `
<div
  className="container mt-3"
>
  <div
    className="mb-4 d-flex justify-content-between"
  >
    <a
      aria-current="page"
      className="text-decoration-none text-white active"
      href="/"
      onClick={[Function]}
      style={Object {}}
    >
      <i
        className="fas fa-arrow-left"
      />
       
      Back
    </a>
    <b
      className="text-decoration-none text-white"
    >
      All Tasks
    </b>
    <span>
      <div>
        <button
          className="btn btn-primary btn-dm"
          data-bs-target="#exampleModal"
          data-bs-toggle="modal"
          type="button"
        >
          <i
            className="fas fa-plus-circle"
          />
        </button>
        <div
          aria-hidden="true"
          aria-labelledby="exampleModalLabel"
          className="modal fade"
          id="exampleModal"
          tabIndex="-1"
        >
          <div
            className="modal-dialog"
          >
            <div
              className="modal-content"
            >
              <div
                className="modal-header"
              >
                <h5
                  className="modal-title"
                  id="exampleModalLabel"
                >
                  Add Task
                </h5>
                <button
                  aria-label="Close"
                  className="btn-close"
                  data-bs-dismiss="modal"
                  type="button"
                />
              </div>
              <div
                className="modal-body"
              >
                
                <form
                  className="p-2 m-2"
                >
                  <input
                    className="form-control"
                    onChange={[Function]}
                    placeholder="Task Title"
                    type="text"
                    value=""
                  />
                  <div
                    className="d-grid"
                  >
                    
                  </div>
                </form>
              </div>
            </div>
          </div>
        </div>
      </div>
    </span>
  </div>
  <hr />
  <ul
    className="list-group"
  >
    No Data
  </ul>
</div>
`;
